// Jest Snapshot v1, https://goo.gl/fbAQLP

exports[`<DayBox /> should match snapshot 1`] = `
ShallowWrapper {
  Symbol(enzyme.__root__): [Circular],
  Symbol(enzyme.__unrendered__): <Unknown
    date={10}
    month={2}
    tasks={
        Array [
            Task {
              "date": "2014-02-10T01:00:00.000Z",
              "durationTime": 1,
              "id": 1,
              "name": "귤 까기01",
            },
            Task {
              "date": "2014-02-10T09:00:00.000Z",
              "durationTime": 3,
              "id": 1,
              "name": "귤 까기09",
            },
            Task {
              "date": "2014-02-10T10:00:00.000Z",
              "durationTime": 2,
              "id": 1,
              "name": "귤 까기10",
            },
            Task {
              "date": "2014-02-10T12:00:00.000Z",
              "durationTime": 4,
              "id": 1,
              "name": "귤 까기12",
            },
            Task {
              "date": "2014-02-10T24:00:00.000Z",
              "durationTime": 10,
              "id": 1,
              "name": "귤 까기24",
            },
          ]
    }
/>,
  Symbol(enzyme.__renderer__): Object {
    "batchedUpdates": [Function],
    "checkPropTypes": [Function],
    "getNode": [Function],
    "render": [Function],
    "simulateError": [Function],
    "simulateEvent": [Function],
    "unmount": [Function],
  },
  Symbol(enzyme.__node__): Object {
    "instance": null,
    "key": undefined,
    "nodeType": "function",
    "props": Object {
      "children": Array [
        10,
        <div>
          <Unknown
                    data-taskId={1}
          >
                    귤 까기01
          </Unknown>
          <Unknown
                    data-taskId={1}
          >
                    귤 까기09
          </Unknown>
          <Unknown
                    data-taskId={1}
          >
                    귤 까기10
          </Unknown>
          <Unknown
                    data-taskId={1}
          >
                    귤 까기12
          </Unknown>
          <Unknown
                    data-taskId={1}
          >
                    귤 까기24
          </Unknown>
</div>,
      ],
      "data-date": 10,
      "data-month": 2,
    },
    "ref": null,
    "rendered": Array [
      10,
      Object {
        "instance": null,
        "key": undefined,
        "nodeType": "host",
        "props": Object {
          "children": Array [
            <Unknown
              data-taskId={1}
>
              귤 까기01
</Unknown>,
            <Unknown
              data-taskId={1}
>
              귤 까기09
</Unknown>,
            <Unknown
              data-taskId={1}
>
              귤 까기10
</Unknown>,
            <Unknown
              data-taskId={1}
>
              귤 까기12
</Unknown>,
            <Unknown
              data-taskId={1}
>
              귤 까기24
</Unknown>,
          ],
        },
        "ref": null,
        "rendered": Array [
          Object {
            "instance": null,
            "key": "1",
            "nodeType": "function",
            "props": Object {
              "children": "귤 까기01",
              "data-taskId": 1,
            },
            "ref": null,
            "rendered": "귤 까기01",
            "type": Object {
              "$$typeof": Symbol(react.forward_ref),
              "Group": [Function],
              "__ANT_BUTTON": true,
              "attrs": Array [],
              "componentStyle": ComponentStyle {
                "componentId": "sc-bwzfXH",
                "isStatic": true,
                "rules": Array [
                  "
    width: 100%;
    height: auto;
",
                ],
              },
              "displayName": "Task",
              "foldedComponentIds": Array [],
              "render": [Function],
              "styledComponentId": "sc-bwzfXH",
              "target": [Function],
              "toString": [Function],
              "warnTooManyClasses": [Function],
              "withComponent": [Function],
              Symbol(Symbol.hasInstance): [Function],
            },
          },
          Object {
            "instance": null,
            "key": "1",
            "nodeType": "function",
            "props": Object {
              "children": "귤 까기09",
              "data-taskId": 1,
            },
            "ref": null,
            "rendered": "귤 까기09",
            "type": Object {
              "$$typeof": Symbol(react.forward_ref),
              "Group": [Function],
              "__ANT_BUTTON": true,
              "attrs": Array [],
              "componentStyle": ComponentStyle {
                "componentId": "sc-bwzfXH",
                "isStatic": true,
                "rules": Array [
                  "
    width: 100%;
    height: auto;
",
                ],
              },
              "displayName": "Task",
              "foldedComponentIds": Array [],
              "render": [Function],
              "styledComponentId": "sc-bwzfXH",
              "target": [Function],
              "toString": [Function],
              "warnTooManyClasses": [Function],
              "withComponent": [Function],
              Symbol(Symbol.hasInstance): [Function],
            },
          },
          Object {
            "instance": null,
            "key": "1",
            "nodeType": "function",
            "props": Object {
              "children": "귤 까기10",
              "data-taskId": 1,
            },
            "ref": null,
            "rendered": "귤 까기10",
            "type": Object {
              "$$typeof": Symbol(react.forward_ref),
              "Group": [Function],
              "__ANT_BUTTON": true,
              "attrs": Array [],
              "componentStyle": ComponentStyle {
                "componentId": "sc-bwzfXH",
                "isStatic": true,
                "rules": Array [
                  "
    width: 100%;
    height: auto;
",
                ],
              },
              "displayName": "Task",
              "foldedComponentIds": Array [],
              "render": [Function],
              "styledComponentId": "sc-bwzfXH",
              "target": [Function],
              "toString": [Function],
              "warnTooManyClasses": [Function],
              "withComponent": [Function],
              Symbol(Symbol.hasInstance): [Function],
            },
          },
          Object {
            "instance": null,
            "key": "1",
            "nodeType": "function",
            "props": Object {
              "children": "귤 까기12",
              "data-taskId": 1,
            },
            "ref": null,
            "rendered": "귤 까기12",
            "type": Object {
              "$$typeof": Symbol(react.forward_ref),
              "Group": [Function],
              "__ANT_BUTTON": true,
              "attrs": Array [],
              "componentStyle": ComponentStyle {
                "componentId": "sc-bwzfXH",
                "isStatic": true,
                "rules": Array [
                  "
    width: 100%;
    height: auto;
",
                ],
              },
              "displayName": "Task",
              "foldedComponentIds": Array [],
              "render": [Function],
              "styledComponentId": "sc-bwzfXH",
              "target": [Function],
              "toString": [Function],
              "warnTooManyClasses": [Function],
              "withComponent": [Function],
              Symbol(Symbol.hasInstance): [Function],
            },
          },
          Object {
            "instance": null,
            "key": "1",
            "nodeType": "function",
            "props": Object {
              "children": "귤 까기24",
              "data-taskId": 1,
            },
            "ref": null,
            "rendered": "귤 까기24",
            "type": Object {
              "$$typeof": Symbol(react.forward_ref),
              "Group": [Function],
              "__ANT_BUTTON": true,
              "attrs": Array [],
              "componentStyle": ComponentStyle {
                "componentId": "sc-bwzfXH",
                "isStatic": true,
                "rules": Array [
                  "
    width: 100%;
    height: auto;
",
                ],
              },
              "displayName": "Task",
              "foldedComponentIds": Array [],
              "render": [Function],
              "styledComponentId": "sc-bwzfXH",
              "target": [Function],
              "toString": [Function],
              "warnTooManyClasses": [Function],
              "withComponent": [Function],
              Symbol(Symbol.hasInstance): [Function],
            },
          },
        ],
        "type": "div",
      },
    ],
    "type": Object {
      "$$typeof": Symbol(react.forward_ref),
      "attrs": Array [],
      "componentStyle": ComponentStyle {
        "componentId": "sc-bdVaJa",
        "isStatic": true,
        "rules": Array [
          "
    text-align: left;
    padding: 10px;
",
        ],
      },
      "displayName": "Day",
      "foldedComponentIds": Array [],
      "render": [Function],
      "styledComponentId": "sc-bdVaJa",
      "target": "div",
      "toString": [Function],
      "warnTooManyClasses": [Function],
      "withComponent": [Function],
    },
  },
  Symbol(enzyme.__nodes__): Array [
    Object {
      "instance": null,
      "key": undefined,
      "nodeType": "function",
      "props": Object {
        "children": Array [
          10,
          <div>
            <Unknown
                        data-taskId={1}
            >
                        귤 까기01
            </Unknown>
            <Unknown
                        data-taskId={1}
            >
                        귤 까기09
            </Unknown>
            <Unknown
                        data-taskId={1}
            >
                        귤 까기10
            </Unknown>
            <Unknown
                        data-taskId={1}
            >
                        귤 까기12
            </Unknown>
            <Unknown
                        data-taskId={1}
            >
                        귤 까기24
            </Unknown>
</div>,
        ],
        "data-date": 10,
        "data-month": 2,
      },
      "ref": null,
      "rendered": Array [
        10,
        Object {
          "instance": null,
          "key": undefined,
          "nodeType": "host",
          "props": Object {
            "children": Array [
              <Unknown
                data-taskId={1}
>
                귤 까기01
</Unknown>,
              <Unknown
                data-taskId={1}
>
                귤 까기09
</Unknown>,
              <Unknown
                data-taskId={1}
>
                귤 까기10
</Unknown>,
              <Unknown
                data-taskId={1}
>
                귤 까기12
</Unknown>,
              <Unknown
                data-taskId={1}
>
                귤 까기24
</Unknown>,
            ],
          },
          "ref": null,
          "rendered": Array [
            Object {
              "instance": null,
              "key": "1",
              "nodeType": "function",
              "props": Object {
                "children": "귤 까기01",
                "data-taskId": 1,
              },
              "ref": null,
              "rendered": "귤 까기01",
              "type": Object {
                "$$typeof": Symbol(react.forward_ref),
                "Group": [Function],
                "__ANT_BUTTON": true,
                "attrs": Array [],
                "componentStyle": ComponentStyle {
                  "componentId": "sc-bwzfXH",
                  "isStatic": true,
                  "rules": Array [
                    "
    width: 100%;
    height: auto;
",
                  ],
                },
                "displayName": "Task",
                "foldedComponentIds": Array [],
                "render": [Function],
                "styledComponentId": "sc-bwzfXH",
                "target": [Function],
                "toString": [Function],
                "warnTooManyClasses": [Function],
                "withComponent": [Function],
                Symbol(Symbol.hasInstance): [Function],
              },
            },
            Object {
              "instance": null,
              "key": "1",
              "nodeType": "function",
              "props": Object {
                "children": "귤 까기09",
                "data-taskId": 1,
              },
              "ref": null,
              "rendered": "귤 까기09",
              "type": Object {
                "$$typeof": Symbol(react.forward_ref),
                "Group": [Function],
                "__ANT_BUTTON": true,
                "attrs": Array [],
                "componentStyle": ComponentStyle {
                  "componentId": "sc-bwzfXH",
                  "isStatic": true,
                  "rules": Array [
                    "
    width: 100%;
    height: auto;
",
                  ],
                },
                "displayName": "Task",
                "foldedComponentIds": Array [],
                "render": [Function],
                "styledComponentId": "sc-bwzfXH",
                "target": [Function],
                "toString": [Function],
                "warnTooManyClasses": [Function],
                "withComponent": [Function],
                Symbol(Symbol.hasInstance): [Function],
              },
            },
            Object {
              "instance": null,
              "key": "1",
              "nodeType": "function",
              "props": Object {
                "children": "귤 까기10",
                "data-taskId": 1,
              },
              "ref": null,
              "rendered": "귤 까기10",
              "type": Object {
                "$$typeof": Symbol(react.forward_ref),
                "Group": [Function],
                "__ANT_BUTTON": true,
                "attrs": Array [],
                "componentStyle": ComponentStyle {
                  "componentId": "sc-bwzfXH",
                  "isStatic": true,
                  "rules": Array [
                    "
    width: 100%;
    height: auto;
",
                  ],
                },
                "displayName": "Task",
                "foldedComponentIds": Array [],
                "render": [Function],
                "styledComponentId": "sc-bwzfXH",
                "target": [Function],
                "toString": [Function],
                "warnTooManyClasses": [Function],
                "withComponent": [Function],
                Symbol(Symbol.hasInstance): [Function],
              },
            },
            Object {
              "instance": null,
              "key": "1",
              "nodeType": "function",
              "props": Object {
                "children": "귤 까기12",
                "data-taskId": 1,
              },
              "ref": null,
              "rendered": "귤 까기12",
              "type": Object {
                "$$typeof": Symbol(react.forward_ref),
                "Group": [Function],
                "__ANT_BUTTON": true,
                "attrs": Array [],
                "componentStyle": ComponentStyle {
                  "componentId": "sc-bwzfXH",
                  "isStatic": true,
                  "rules": Array [
                    "
    width: 100%;
    height: auto;
",
                  ],
                },
                "displayName": "Task",
                "foldedComponentIds": Array [],
                "render": [Function],
                "styledComponentId": "sc-bwzfXH",
                "target": [Function],
                "toString": [Function],
                "warnTooManyClasses": [Function],
                "withComponent": [Function],
                Symbol(Symbol.hasInstance): [Function],
              },
            },
            Object {
              "instance": null,
              "key": "1",
              "nodeType": "function",
              "props": Object {
                "children": "귤 까기24",
                "data-taskId": 1,
              },
              "ref": null,
              "rendered": "귤 까기24",
              "type": Object {
                "$$typeof": Symbol(react.forward_ref),
                "Group": [Function],
                "__ANT_BUTTON": true,
                "attrs": Array [],
                "componentStyle": ComponentStyle {
                  "componentId": "sc-bwzfXH",
                  "isStatic": true,
                  "rules": Array [
                    "
    width: 100%;
    height: auto;
",
                  ],
                },
                "displayName": "Task",
                "foldedComponentIds": Array [],
                "render": [Function],
                "styledComponentId": "sc-bwzfXH",
                "target": [Function],
                "toString": [Function],
                "warnTooManyClasses": [Function],
                "withComponent": [Function],
                Symbol(Symbol.hasInstance): [Function],
              },
            },
          ],
          "type": "div",
        },
      ],
      "type": Object {
        "$$typeof": Symbol(react.forward_ref),
        "attrs": Array [],
        "componentStyle": ComponentStyle {
          "componentId": "sc-bdVaJa",
          "isStatic": true,
          "rules": Array [
            "
    text-align: left;
    padding: 10px;
",
          ],
        },
        "displayName": "Day",
        "foldedComponentIds": Array [],
        "render": [Function],
        "styledComponentId": "sc-bdVaJa",
        "target": "div",
        "toString": [Function],
        "warnTooManyClasses": [Function],
        "withComponent": [Function],
      },
    },
  ],
  Symbol(enzyme.__options__): Object {
    "adapter": ReactSixteenAdapter {
      "options": Object {
        "enableComponentDidUpdateOnSetState": true,
        "legacyContextMode": "parent",
        "lifecycles": Object {
          "componentDidUpdate": Object {
            "onSetState": true,
          },
          "getChildContext": Object {
            "calledByRenderer": false,
          },
          "getDerivedStateFromError": true,
          "getDerivedStateFromProps": Object {
            "hasShouldComponentUpdateBug": false,
          },
          "getSnapshotBeforeUpdate": true,
          "setState": Object {
            "skipsComponentDidUpdateOnNullish": true,
          },
        },
      },
    },
  },
}
`;
